(
[2.50 5.00 7.50 ]
[10.00 12.50 15.00 ]
[5.00 25.00 5.00 ]
)