(
[0.40 0.80 1.20 ]
[1.60 2.00 2.40 ]
[0.80 4.00 0.80 ]
)