(
[121824.00 149688.00 177552.00 ]
[275886.00 338985.00 402084.00 ]
[429948.00 528282.00 626616.00 ]
)