This matrix is invertible
calculating inverse...
(
[-1.00 0.75 ]
[1.00 -0.62 ]
)