(
[-35.18 13.25 -0.99 ]
[-3.40 1.29 -0.11 ]
[26.45 -9.97 0.75 ]
)