(
[1.00 2.00 3.00 ]
[4.00 5.00 6.00 ]
[10.00 20.00 30.00 ]
[100.00 255.00 560.00 ]
)