(
[-0.12 -0.26 0.85 ]
[0.24 0.03 -0.21 ]
[0.06 0.38 -0.68 ]
)