(
[84.00 90.00 96.00 ]
[201.00 216.00 231.00 ]
[318.00 342.00 366.00 ]
)