(
[4.00 4.00 4.00 ]
[5.00 8.00 11.00 ]
[2.00 4.00 6.00 ]
)