The matrix is symmetric
Here is the original matrix:
(
[1.00 2.00 3.00 ]
[2.00 4.00 5.00 ]
[3.00 5.00 6.00 ]
)

Here is the transposed matrix:
(
[1.00 2.00 3.00 ]
[2.00 4.00 5.00 ]
[3.00 5.00 6.00 ]
)