(
[0.50 1.00 1.50 ]
[2.00 2.50 3.00 ]
[1.00 5.00 1.00 ]
)